
icetime topological timing analysis report
==========================================

Info: max_span_hack is enabled: estimate is conservative.

Report for critical path:
-------------------------

        loop-start at net_54876
        t3211 (LocalMux) I -> O: 1.099 ns
        inmux_14_18_58755_58806 (InMux) I -> O: 0.662 ns
        lc40_14_18_5 (LogicCell40) in1 -> lcout: 1.232 ns
1000002.993 ns net_54876 (tinyfpga_bootloader_inst.ctrl_ep_inst.out_ep_acked)
        odrv_14_18_54876_58489 (Odrv4) I -> O: 0.649 ns
        t3216 (LocalMux) I -> O: 1.099 ns
        inmux_15_16_62345_62398 (InMux) I -> O: 0.662 ns
        lc40_15_16_6 (LogicCell40) in3 -> lcout: 0.874 ns
1000006.278 ns net_58461 ($abc$26083$n1354)
        t3442 (LocalMux) I -> O: 1.099 ns
        inmux_15_16_62356_62379 (InMux) I -> O: 0.662 ns
        t586 (CascadeMux) I -> O: 0.000 ns
        lc40_15_16_3 (LogicCell40) in2 -> lcout: 1.205 ns
1000009.245 ns net_58458 ($abc$26083$n1353)
        t3440 (LocalMux) I -> O: 1.099 ns
        inmux_15_16_62329_62391 (InMux) I -> O: 0.662 ns
        t588 (CascadeMux) I -> O: 0.000 ns
        lc40_15_16_5 (LogicCell40) in2 -> lcout: 1.205 ns
1000012.211 ns net_58460 (tinyfpga_bootloader_inst.ctrl_ep_inst.status_stage_end$2)
        odrv_15_16_58460_58608 (Odrv4) I -> O: 0.649 ns
        t3456 (Span4Mux_v4) I -> O: 0.649 ns
        t3455 (Span4Mux_v4) I -> O: 0.649 ns
        t3454 (Span4Mux_h4) I -> O: 0.543 ns
        t3453 (Span4Mux_v4) I -> O: 0.649 ns
        t3452 (LocalMux) I -> O: 1.099 ns
        t3451 (IoInMux) I -> O: 0.662 ns
        t3450 (ICE_GB) USERSIGNALTOGLOBALBUFFER -> GLOBALBUFFEROUTPUT: 1.589 ns
        t3449 (gio2CtrlBuf) I -> O: 0.000 ns
        t3448 (GlobalMux) I -> O: 0.278 ns
        t3447 (INTERCONN) I -> O: 0.000 ns
        t3446 (LocalMux) I -> O: 1.099 ns
        inmux_3_10_16253_16325 (InMux) I -> O: 0.662 ns
        lc40_3_10_7 (LogicCell40) in1 -> lcout: 1.232 ns
1000021.973 ns net_12384 ($abc$26083$n1770)
        odrv_3_10_12384_8204 (Odrv4) I -> O: 0.649 ns
        t1172 (LocalMux) I -> O: 1.099 ns
        inmux_4_10_20107_20159 (CEMux) I -> O: 0.702 ns
1000024.423 ns net_20159 ($abc$26083$n1770)
        lc40_4_10_7 (LogicCell40) ce [setup]: 0.000 ns
1000024.423 ns net_16215 (tinyfpga_bootloader_inst.ctrl_ep_inst.dev_addr_i[1])

Resolvable net names on path:
1000002.993 ns ..1000005.404 ns tinyfpga_bootloader_inst.ctrl_ep_inst.out_ep_acked
1000006.278 ns ..1000008.039 ns $abc$26083$n1354
1000009.245 ns ..1000011.006 ns $abc$26083$n1353
1000012.211 ns ..1000012.211 ns tinyfpga_bootloader_inst.ctrl_ep_inst.status_stage_end
1000020.741 ns ..1000020.741 ns tinyfpga_bootloader_inst.ctrl_ep_inst.status_stage_end$2
1000021.973 ns ..1000024.423 ns $abc$26083$n1770
                  lcout -> tinyfpga_bootloader_inst.ctrl_ep_inst.dev_addr_i[1]

Total number of logic levels: 6
Total path delay: 1000024.42 ns (0.00 MHz)

