
icetime topological timing analysis report
==========================================

Info: max_span_hack is enabled: estimate is conservative.

Report for critical path:
-------------------------

        loop-start at net_49835
        t2456 (LocalMux) I -> O: 0.486 ns
        inmux_13_13_53961_53987 (InMux) I -> O: 0.382 ns
        lc40_13_13_0 (LogicCell40) in1 -> lcout: 0.589 ns
1000001.458 ns net_49835 (tinyfpga_bootloader_inst.ctrl_ep_inst.out_ep_acked)
        odrv_13_13_49835_37735 (Odrv12) I -> O: 0.796 ns
        t2463 (Sp12to4) I -> O: 0.662 ns
        t2462 (LocalMux) I -> O: 0.486 ns
        inmux_19_13_78433_78479 (InMux) I -> O: 0.382 ns
        lc40_19_13_5 (LogicCell40) in3 -> lcout: 0.465 ns
1000004.248 ns net_74300 ($abc$26083$n1348)
        t3781 (LocalMux) I -> O: 0.486 ns
        inmux_19_13_78418_78454 (InMux) I -> O: 0.382 ns
        t711 (CascadeMux) I -> O: 0.000 ns
        lc40_19_13_1 (LogicCell40) in2 -> lcout: 0.558 ns
1000005.675 ns net_74296 ($abc$26083$n1347)
        t3780 (LocalMux) I -> O: 0.486 ns
        inmux_19_13_78422_78460 (InMux) I -> O: 0.382 ns
        t712 (CascadeMux) I -> O: 0.000 ns
        lc40_19_13_2 (LogicCell40) in2 -> lcout: 0.558 ns
1000007.101 ns net_74297 (tinyfpga_bootloader_inst.ctrl_ep_inst.status_stage_end$2)
        odrv_19_13_74297_54043 (Odrv12) I -> O: 0.796 ns
        t3794 (Span12Mux_h12) I -> O: 0.796 ns
        t3793 (Sp12to4) I -> O: 0.662 ns
        t3792 (IoSpan4Mux) I -> O: 0.475 ns
        t3791 (LocalMux) I -> O: 0.486 ns
        t3790 (IoInMux) I -> O: 0.382 ns
        t3789 (ICE_GB) USERSIGNALTOGLOBALBUFFER -> GLOBALBUFFEROUTPUT: 0.910 ns
        t3788 (gio2CtrlBuf) I -> O: 0.000 ns
        t3787 (GlobalMux) I -> O: 0.227 ns
        t3786 (INTERCONN) I -> O: 0.000 ns
        t3785 (LocalMux) I -> O: 0.486 ns
        inmux_12_6_49020_49061 (InMux) I -> O: 0.382 ns
        lc40_12_6_2 (LogicCell40) in1 -> lcout: 0.589 ns
1000013.293 ns net_44899 ($abc$26083$n1768)
        t2302 (LocalMux) I -> O: 0.486 ns
        inmux_13_6_53094_53171 (CEMux) I -> O: 0.889 ns
1000014.668 ns net_53171 ($abc$26083$n1768)
        lc40_13_6_7 (LogicCell40) ce [setup]: 0.000 ns
1000014.668 ns net_48981 (tinyfpga_bootloader_inst.ctrl_ep_inst.dev_addr_i[3])

Resolvable net names on path:
1000001.458 ns ..1000003.783 ns tinyfpga_bootloader_inst.ctrl_ep_inst.out_ep_acked
1000004.248 ns ..1000005.117 ns $abc$26083$n1348
1000005.675 ns ..1000006.543 ns $abc$26083$n1347
1000007.101 ns ..1000007.101 ns tinyfpga_bootloader_inst.ctrl_ep_inst.status_stage_end
1000012.704 ns ..1000012.704 ns tinyfpga_bootloader_inst.ctrl_ep_inst.status_stage_end$2
1000013.293 ns ..1000014.668 ns $abc$26083$n1768
                  lcout -> tinyfpga_bootloader_inst.ctrl_ep_inst.dev_addr_i[3]

Total number of logic levels: 6
Total path delay: 1000014.67 ns (0.00 MHz)

